==================================
Automated Update: 2026-10-01 17:06:36 UTC
Workflow: Daily Repository Update - DevSync
Run Number: 346
Repository: tveshas/devsync-automation
==================================

==================================
Automated Update: 2026-10-02 16:20:19 UTC
Workflow: Daily Repository Update - DevSync
Run Number: 347
Repository: tveshas/devsync-automation
==================================

==================================
Automated Update: 2026-10-03 14:49:04 UTC
Workflow: Daily Repository Update - DevSync
Run Number: 348
Repository: tveshas/devsync-automation
==================================

==================================
Automated Update: 2026-10-04 15:27:58 UTC
Workflow: Daily Repository Update - DevSync
Run Number: 349
Repository: tveshas/devsync-automation
==================================

==================================
Automated Update: 2026-10-05 19:22:21 UTC
Workflow: Daily Repository Update - DevSync
Run Number: 350
Repository: tveshas/devsync-automation
==================================

==================================
Automated Update: 2026-10-06 16:53:35 UTC
Workflow: Daily Repository Update - DevSync
Run Number: 351
Repository: tveshas/devsync-automation
==================================

==================================
Automated Update: 2026-10-07 17:30:33 UTC
Workflow: Daily Repository Update - DevSync
Run Number: 352
Repository: tveshas/devsync-automation
==================================

==================================
Automated Update: 2026-10-08 17:32:29 UTC
Workflow: Daily Repository Update - DevSync
Run Number: 353
Repository: tveshas/devsync-automation
==================================

