==================================
Automated Update: 2026-06-01 16:21:09 UTC
Workflow: Daily Repository Update - DevSync
Run Number: 224
Repository: tveshas/devsync-automation
==================================

==================================
Automated Update: 2026-06-02 14:36:46 UTC
Workflow: Daily Repository Update - DevSync
Run Number: 225
Repository: tveshas/devsync-automation
==================================

==================================
Automated Update: 2026-06-03 15:18:32 UTC
Workflow: Daily Repository Update - DevSync
Run Number: 226
Repository: tveshas/devsync-automation
==================================

==================================
Automated Update: 2026-06-04 13:40:43 UTC
Workflow: Daily Repository Update - DevSync
Run Number: 227
Repository: tveshas/devsync-automation
==================================

