==================================
Automated Update: 2026-07-01 13:17:43 UTC
Workflow: Daily Repository Update - DevSync
Run Number: 254
Repository: tveshas/devsync-automation
==================================

==================================
Automated Update: 2026-07-02 12:29:10 UTC
Workflow: Daily Repository Update - DevSync
Run Number: 255
Repository: tveshas/devsync-automation
==================================

==================================
Automated Update: 2026-07-03 12:27:13 UTC
Workflow: Daily Repository Update - DevSync
Run Number: 256
Repository: tveshas/devsync-automation
==================================

==================================
Automated Update: 2026-07-04 11:52:06 UTC
Workflow: Daily Repository Update - DevSync
Run Number: 257
Repository: tveshas/devsync-automation
==================================

==================================
Automated Update: 2026-07-05 11:56:11 UTC
Workflow: Daily Repository Update - DevSync
Run Number: 258
Repository: tveshas/devsync-automation
==================================

==================================
Automated Update: 2026-07-06 14:07:32 UTC
Workflow: Daily Repository Update - DevSync
Run Number: 259
Repository: tveshas/devsync-automation
==================================

==================================
Automated Update: 2026-07-07 13:00:26 UTC
Workflow: Daily Repository Update - DevSync
Run Number: 260
Repository: tveshas/devsync-automation
==================================

==================================
Automated Update: 2026-07-08 12:04:28 UTC
Workflow: Daily Repository Update - DevSync
Run Number: 261
Repository: tveshas/devsync-automation
==================================

==================================
Automated Update: 2026-07-09 13:32:55 UTC
Workflow: Daily Repository Update - DevSync
Run Number: 262
Repository: tveshas/devsync-automation
==================================

==================================
Automated Update: 2026-07-10 12:40:38 UTC
Workflow: Daily Repository Update - DevSync
Run Number: 263
Repository: tveshas/devsync-automation
==================================

==================================
Automated Update: 2026-07-11 11:31:02 UTC
Workflow: Daily Repository Update - DevSync
Run Number: 264
Repository: tveshas/devsync-automation
==================================

==================================
Automated Update: 2026-07-12 11:38:21 UTC
Workflow: Daily Repository Update - DevSync
Run Number: 265
Repository: tveshas/devsync-automation
==================================

==================================
Automated Update: 2026-07-13 13:00:19 UTC
Workflow: Daily Repository Update - DevSync
Run Number: 266
Repository: tveshas/devsync-automation
==================================

==================================
Automated Update: 2026-07-14 11:56:12 UTC
Workflow: Daily Repository Update - DevSync
Run Number: 267
Repository: tveshas/devsync-automation
==================================

==================================
Automated Update: 2026-07-15 12:01:18 UTC
Workflow: Daily Repository Update - DevSync
Run Number: 268
Repository: tveshas/devsync-automation
==================================

