==================================
Automated Update: 2026-09-01 15:06:16 UTC
Workflow: Daily Repository Update - DevSync
Run Number: 316
Repository: tveshas/devsync-automation
==================================

==================================
Automated Update: 2026-09-02 14:38:20 UTC
Workflow: Daily Repository Update - DevSync
Run Number: 317
Repository: tveshas/devsync-automation
==================================

==================================
Automated Update: 2026-09-03 14:41:36 UTC
Workflow: Daily Repository Update - DevSync
Run Number: 318
Repository: tveshas/devsync-automation
==================================

==================================
Automated Update: 2026-09-04 14:29:38 UTC
Workflow: Daily Repository Update - DevSync
Run Number: 319
Repository: tveshas/devsync-automation
==================================

==================================
Automated Update: 2026-09-05 13:30:18 UTC
Workflow: Daily Repository Update - DevSync
Run Number: 320
Repository: tveshas/devsync-automation
==================================

==================================
Automated Update: 2026-09-06 13:45:33 UTC
Workflow: Daily Repository Update - DevSync
Run Number: 321
Repository: tveshas/devsync-automation
==================================

==================================
Automated Update: 2026-09-07 16:00:40 UTC
Workflow: Daily Repository Update - DevSync
Run Number: 322
Repository: tveshas/devsync-automation
==================================

==================================
Automated Update: 2026-09-08 14:43:20 UTC
Workflow: Daily Repository Update - DevSync
Run Number: 323
Repository: tveshas/devsync-automation
==================================

==================================
Automated Update: 2026-09-09 14:45:24 UTC
Workflow: Daily Repository Update - DevSync
Run Number: 324
Repository: tveshas/devsync-automation
==================================

==================================
Automated Update: 2026-09-10 14:34:57 UTC
Workflow: Daily Repository Update - DevSync
Run Number: 325
Repository: tveshas/devsync-automation
==================================

==================================
Automated Update: 2026-09-11 14:33:55 UTC
Workflow: Daily Repository Update - DevSync
Run Number: 326
Repository: tveshas/devsync-automation
==================================

==================================
Automated Update: 2026-09-12 13:41:48 UTC
Workflow: Daily Repository Update - DevSync
Run Number: 327
Repository: tveshas/devsync-automation
==================================

