==================================
Automated Update: 2026-01-01 10:48:26 UTC
Workflow: Daily Repository Update - DevSync
Run Number: 73
Repository: tveshas/devsync-automation
==================================

==================================
Automated Update: 2026-01-02 10:47:05 UTC
Workflow: Daily Repository Update - DevSync
Run Number: 74
Repository: tveshas/devsync-automation
==================================

==================================
Automated Update: 2026-01-03 10:46:00 UTC
Workflow: Daily Repository Update - DevSync
Run Number: 75
Repository: tveshas/devsync-automation
==================================

==================================
Automated Update: 2026-01-04 10:45:25 UTC
Workflow: Daily Repository Update - DevSync
Run Number: 76
Repository: tveshas/devsync-automation
==================================

==================================
Automated Update: 2026-01-05 10:52:15 UTC
Workflow: Daily Repository Update - DevSync
Run Number: 77
Repository: tveshas/devsync-automation
==================================

==================================
Automated Update: 2026-01-06 10:51:08 UTC
Workflow: Daily Repository Update - DevSync
Run Number: 78
Repository: tveshas/devsync-automation
==================================

==================================
Automated Update: 2026-01-07 10:51:12 UTC
Workflow: Daily Repository Update - DevSync
Run Number: 79
Repository: tveshas/devsync-automation
==================================

==================================
Automated Update: 2026-01-08 10:51:38 UTC
Workflow: Daily Repository Update - DevSync
Run Number: 80
Repository: tveshas/devsync-automation
==================================

==================================
Automated Update: 2026-01-09 10:50:44 UTC
Workflow: Daily Repository Update - DevSync
Run Number: 81
Repository: tveshas/devsync-automation
==================================

