==================================
Automated Update: 2026-04-01 11:30:10 UTC
Workflow: Daily Repository Update - DevSync
Run Number: 163
Repository: tveshas/devsync-automation
==================================

==================================
Automated Update: 2026-04-02 11:25:24 UTC
Workflow: Daily Repository Update - DevSync
Run Number: 164
Repository: tveshas/devsync-automation
==================================

==================================
Automated Update: 2026-04-03 11:11:55 UTC
Workflow: Daily Repository Update - DevSync
Run Number: 165
Repository: tveshas/devsync-automation
==================================

==================================
Automated Update: 2026-04-04 11:01:11 UTC
Workflow: Daily Repository Update - DevSync
Run Number: 166
Repository: tveshas/devsync-automation
==================================

==================================
Automated Update: 2026-04-05 11:02:32 UTC
Workflow: Daily Repository Update - DevSync
Run Number: 167
Repository: tveshas/devsync-automation
==================================

==================================
Automated Update: 2026-04-06 11:28:09 UTC
Workflow: Daily Repository Update - DevSync
Run Number: 168
Repository: tveshas/devsync-automation
==================================

