==================================
Automated Update: 2026-03-01 10:51:33 UTC
Workflow: Daily Repository Update - DevSync
Run Number: 132
Repository: tveshas/devsync-automation
==================================

==================================
Automated Update: 2026-03-02 11:09:32 UTC
Workflow: Daily Repository Update - DevSync
Run Number: 133
Repository: tveshas/devsync-automation
==================================

==================================
Automated Update: 2026-03-03 11:06:35 UTC
Workflow: Daily Repository Update - DevSync
Run Number: 134
Repository: tveshas/devsync-automation
==================================

==================================
Automated Update: 2026-03-04 11:03:53 UTC
Workflow: Daily Repository Update - DevSync
Run Number: 135
Repository: tveshas/devsync-automation
==================================

==================================
Automated Update: 2026-03-05 11:07:29 UTC
Workflow: Daily Repository Update - DevSync
Run Number: 136
Repository: tveshas/devsync-automation
==================================

