==================================
Automated Update: 2026-08-01 11:43:32 UTC
Workflow: Daily Repository Update - DevSync
Run Number: 285
Repository: tveshas/devsync-automation
==================================

==================================
Automated Update: 2026-08-02 11:42:45 UTC
Workflow: Daily Repository Update - DevSync
Run Number: 286
Repository: tveshas/devsync-automation
==================================

==================================
Automated Update: 2026-08-03 13:24:59 UTC
Workflow: Daily Repository Update - DevSync
Run Number: 287
Repository: tveshas/devsync-automation
==================================

==================================
Automated Update: 2026-08-04 12:26:17 UTC
Workflow: Daily Repository Update - DevSync
Run Number: 288
Repository: tveshas/devsync-automation
==================================

==================================
Automated Update: 2026-08-05 12:24:02 UTC
Workflow: Daily Repository Update - DevSync
Run Number: 289
Repository: tveshas/devsync-automation
==================================

==================================
Automated Update: 2026-08-06 12:26:40 UTC
Workflow: Daily Repository Update - DevSync
Run Number: 290
Repository: tveshas/devsync-automation
==================================

