==================================
Automated Update: 2026-05-01 11:39:46 UTC
Workflow: Daily Repository Update - DevSync
Run Number: 193
Repository: tveshas/devsync-automation
==================================

==================================
Automated Update: 2026-05-02 11:23:33 UTC
Workflow: Daily Repository Update - DevSync
Run Number: 194
Repository: tveshas/devsync-automation
==================================

==================================
Automated Update: 2026-05-03 11:21:01 UTC
Workflow: Daily Repository Update - DevSync
Run Number: 195
Repository: tveshas/devsync-automation
==================================

==================================
Automated Update: 2026-05-04 12:10:10 UTC
Workflow: Daily Repository Update - DevSync
Run Number: 196
Repository: tveshas/devsync-automation
==================================

==================================
Automated Update: 2026-05-05 11:48:36 UTC
Workflow: Daily Repository Update - DevSync
Run Number: 197
Repository: tveshas/devsync-automation
==================================

==================================
Automated Update: 2026-05-06 12:15:33 UTC
Workflow: Daily Repository Update - DevSync
Run Number: 198
Repository: tveshas/devsync-automation
==================================

==================================
Automated Update: 2026-05-07 12:17:15 UTC
Workflow: Daily Repository Update - DevSync
Run Number: 199
Repository: tveshas/devsync-automation
==================================

==================================
Automated Update: 2026-05-08 11:54:54 UTC
Workflow: Daily Repository Update - DevSync
Run Number: 200
Repository: tveshas/devsync-automation
==================================

